// Jest Snapshot v1, https://goo.gl/fbAQLP

exports[`should just pass 1`] = `
<TextInput
  title="37"
/>
`;
